[t+000s] === scenario=transport-fail bin=/home/cmckay/.no-mistakes/worktrees/80aee654c94f/01M3PK6GRDWDXHDJ85DFDB3TMP/bin grace=8s lab=/tmp/fm-lab.HNcxf3
[t+000s] captain -> fm-send.sh mate 'audit the ledger' (marked request)
fm-gate-refuse: gate agent lifecycle permitted only against lab home /tmp/fm-lab.HNcxf3
●━━━━━━━━━━━━━━━━━━━━━━━━━━━━━━━━━━━━━━━━━━━━━━━━━━━━━━━━━━━━━━━━━━━━━━━
●  WATCHER DOWN - SUPERVISION IS OFF
●  1 task(s) in flight, but no watcher has a fresh beacon (last beat: never, grace 300s).
●  Trust the emitted supervision protocol for this harness; do not use shell & for watcher repair.
●  This is a supervision warning only; the requested message WILL still be sent.
●  watcher supervision needs Stop-owned automatic recovery; inspect the hook registration and startup status before ending the turn.
●━━━━━━━━━━━━━━━━━━━━━━━━━━━━━━━━━━━━━━━━━━━━━━━━━━━━━━━━━━━━━━━━━━━━━━━
[t+003s] fm-send rc=0
[t+003s] corr=f1941b748142138a
[t+003s] mate pane: BUSY (long request turn begins)
[t+003s] phase=awaiting_report delivered=1790686901 req_done= recov_sent= recov_done= reposts=0 escal=
[t+005s] phase=awaiting_report delivered=1790686901 req_done= recov_sent= recov_done= reposts=0 escal=
[t+007s] phase=awaiting_report delivered=1790686901 req_done= recov_sent= recov_done= reposts=0 escal=
[t+008s] phase=awaiting_report delivered=1790686901 req_done= recov_sent= recov_done= reposts=0 escal=
[t+010s] phase=awaiting_report delivered=1790686901 req_done= recov_sent= recov_done= reposts=0 escal=
[t+012s] phase=awaiting_report delivered=1790686901 req_done= recov_sent= recov_done= reposts=0 escal=
[t+013s] phase=awaiting_report delivered=1790686901 req_done= recov_sent= recov_done= reposts=0 escal=
[t+015s] phase=awaiting_report delivered=1790686901 req_done= recov_sent= recov_done= reposts=0 escal=
[t+016s] phase=awaiting_report delivered=1790686901 req_done= recov_sent= recov_done= reposts=0 escal=
[t+018s] phase=awaiting_report delivered=1790686901 req_done= recov_sent= recov_done= reposts=0 escal=
[t+019s] phase=awaiting_report delivered=1790686901 req_done= recov_sent= recov_done= reposts=0 escal=
[t+021s] phase=awaiting_report delivered=1790686901 req_done= recov_sent= recov_done= reposts=0 escal=
[t+022s] phase=awaiting_report delivered=1790686901 req_done= recov_sent= recov_done= reposts=0 escal=
[t+024s] phase=awaiting_report delivered=1790686901 req_done= recov_sent= recov_done= reposts=0 escal=
[t+025s] mate pane: IDLE (request turn complete)
[t+025s] phase=awaiting_report delivered=1790686901 req_done= recov_sent= recov_done= reposts=0 escal=
[t+027s] phase=awaiting_report delivered=1790686901 req_done=1790686927 recov_sent= recov_done= reposts=0 escal=
[t+028s] mate torn down: its meta is removed, so the recovery fm-send cannot reach it
[t+028s] phase=awaiting_report delivered=1790686901 req_done=1790686927 recov_sent= recov_done= reposts=0 escal=
[t+030s] phase=awaiting_report delivered=1790686901 req_done=1790686927 recov_sent= recov_done= reposts=0 escal=
[t+031s] phase=awaiting_report delivered=1790686901 req_done=1790686927 recov_sent= recov_done= reposts=0 escal=
[t+032s] phase=awaiting_report delivered=1790686901 req_done=1790686927 recov_sent= recov_done= reposts=0 escal=
[t+034s] phase=awaiting_report delivered=1790686901 req_done=1790686927 recov_sent= recov_done= reposts=0 escal=
[t+036s] phase=escalated delivered=1790686901 req_done=1790686927 recov_sent= recov_done= reposts=0 escal=0
[t+037s] phase=escalated delivered=1790686901 req_done=1790686927 recov_sent= recov_done= reposts=0 escal=0
[t+038s] phase=escalated delivered=1790686901 req_done=1790686927 recov_sent= recov_done= reposts=0 escal=0
[t+039s] phase=escalated delivered=1790686901 req_done=1790686927 recov_sent= recov_done= reposts=0 escal=0
[t+040s] phase=escalated delivered=1790686901 req_done=1790686927 recov_sent= recov_done= reposts=0 escal=0
[t+041s] --- parent status (state/mate.status):
    blocked [key=pending-reply-f1941b748142138a] [at=1790686936]: pending-reply-recovery-delivery-failed: task=mate pending-reply-id=f1941b748142138a request=audit the ledger
[t+041s] --- mate inbox messages:
    001.msg: schema=fm-task-inbox.v1 at=2026-09-29T13:01:41Z -- [fm-from-firstmate]⁣corr=f1941b748142138a audit the ledger

[t+041s] --- final record:
    schema=fm-pending-reply.v1
    corr_id=f1941b748142138a
    task_id=mate
    parent_home=/tmp/fm-lab.HNcxf3
    parent_status=/tmp/fm-lab.HNcxf3/state/mate.status
    request_summary=audit the ledger
    created_epoch=1790686901
    recovery_sent_epoch=
    recovery_turn_seen_busy=0
    recovery_turn_completed_epoch=
    resolved_epoch=
    resolved_via=
    wrong_home_hits=0
    wrong_home_first_sighting=
    wrong_home_sightings=
    grace_secs=8
    delivered_epoch=1790686901
    wrong_home_scan_signature=4294967295-0
    turn_seen_busy=1
    request_turn_completed_epoch=1790686927
    recovery_sender_pid=3595340
    recovery_sender_identity=Tue Sep 29 09:02:15 2026 bash -c . "$1/fm-pending-reply-lib.sh"; fm_pending_reply_tick "$2" _ /home/cmckay/.no-mistakes/worktrees/80aee654c94f/01M3PK6GRDWDXHDJ85DFDB3TMP/bin /tmp/fm-lab.HNcxf3/state
    recovery_attempted_epoch=1790686935
    recovery_delivery_outcome=failed
    escalated_epoch=1790686936
    phase=escalated
    parent_status_scan_signature=119:974881:171:1790686936:1790686936
[t+041s] === teardown done
